
> @lending/price-keeper@0.1.0 horizen:keep
> tsx scripts/keep-horizen-fresh.ts

{"level":30,"time":1786743245714,"pid":15892,"hostname":"DESKTOP-IQT62DO","oracle":"0x852da28C9Bc35870eB01e2D49296b8c1E3204024","intervalSeconds":900,"maxAgeSeconds":1800,"msg":"horizen-keeper-start"}
{"level":30,"time":1786743251126,"pid":15892,"hostname":"DESKTOP-IQT62DO","assetId":0,"reason":"stale","priceUsd1e8":"100000000","ageSeconds":876667,"moveBps":0,"txHash":"0xe94510edf7af17a1c861c5ade27c6b1f91793725379e593bba7b9ea3c10a4c55","gasUsed":"31148","msg":"horizen-push-ok"}
{"level":30,"time":1786743257800,"pid":15892,"hostname":"DESKTOP-IQT62DO","assetId":1,"reason":"stale","priceUsd1e8":"6283400000000","ageSeconds":876662,"moveBps":173,"txHash":"0xdcfaf0fd6c4860c2b2142b2ed84af2f5f9aa787ace38eee5aa4321ce9c6aa3b4","gasUsed":"31184","msg":"horizen-push-ok"}
{"level":30,"time":1786743257800,"pid":15892,"hostname":"DESKTOP-IQT62DO","pushed":[0,1],"skipped":[],"failed":[],"msg":"horizen-keeper-sweep"}
{"level":30,"time":1786744160279,"pid":15892,"hostname":"DESKTOP-IQT62DO","assetId":0,"ageSeconds":894,"moveBps":0,"msg":"horizen-push-skipped"}
{"level":30,"time":1786744160659,"pid":15892,"hostname":"DESKTOP-IQT62DO","assetId":1,"ageSeconds":890,"moveBps":0,"msg":"horizen-push-skipped"}
{"level":30,"time":1786744160660,"pid":15892,"hostname":"DESKTOP-IQT62DO","pushed":[],"skipped":[0,1],"failed":[],"msg":"horizen-keeper-sweep"}
{"level":30,"time":1786745063810,"pid":15892,"hostname":"DESKTOP-IQT62DO","assetId":0,"ageSeconds":1797,"moveBps":0,"msg":"horizen-push-skipped"}
{"level":30,"time":1786745064265,"pid":15892,"hostname":"DESKTOP-IQT62DO","assetId":1,"ageSeconds":1793,"moveBps":8,"msg":"horizen-push-skipped"}
{"level":30,"time":1786745064267,"pid":15892,"hostname":"DESKTOP-IQT62DO","pushed":[],"skipped":[0,1],"failed":[],"msg":"horizen-keeper-sweep"}
{"level":30,"time":1786745972633,"pid":15892,"hostname":"DESKTOP-IQT62DO","assetId":0,"reason":"stale","priceUsd1e8":"100000000","ageSeconds":2701,"moveBps":0,"txHash":"0xb657bb6bfd670d2cd09950804052bcf36b35382e19fc21cb70edb8d325295687","gasUsed":"31148","msg":"horizen-push-ok"}
{"level":30,"time":1786745975483,"pid":15892,"hostname":"DESKTOP-IQT62DO","assetId":1,"reason":"stale","priceUsd1e8":"6275000000000","ageSeconds":2697,"moveBps":13,"txHash":"0x6ff87c14cab2bdebd25b11c1c267f9f703eee55d6f201f8fb6452ca0c9edff6a","gasUsed":"31184","msg":"horizen-push-ok"}
{"level":30,"time":1786745975484,"pid":15892,"hostname":"DESKTOP-IQT62DO","pushed":[0,1],"skipped":[],"failed":[],"msg":"horizen-keeper-sweep"}
{"level":30,"time":1786746878182,"pid":15892,"hostname":"DESKTOP-IQT62DO","assetId":0,"ageSeconds":890,"moveBps":0,"msg":"horizen-push-skipped"}
{"level":30,"time":1786746878573,"pid":15892,"hostname":"DESKTOP-IQT62DO","assetId":1,"ageSeconds":887,"moveBps":7,"msg":"horizen-push-skipped"}
{"level":30,"time":1786746878573,"pid":15892,"hostname":"DESKTOP-IQT62DO","pushed":[],"skipped":[0,1],"failed":[],"msg":"horizen-keeper-sweep"}
{"level":30,"time":1786747782032,"pid":15892,"hostname":"DESKTOP-IQT62DO","assetId":0,"ageSeconds":1793,"moveBps":0,"msg":"horizen-push-skipped"}
{"level":30,"time":1786747782471,"pid":15892,"hostname":"DESKTOP-IQT62DO","assetId":1,"ageSeconds":1790,"moveBps":12,"msg":"horizen-push-skipped"}
{"level":30,"time":1786747782471,"pid":15892,"hostname":"DESKTOP-IQT62DO","pushed":[],"skipped":[0,1],"failed":[],"msg":"horizen-keeper-sweep"}
{"level":30,"time":1786748690412,"pid":15892,"hostname":"DESKTOP-IQT62DO","assetId":0,"reason":"stale","priceUsd1e8":"100000000","ageSeconds":2697,"moveBps":0,"txHash":"0xc3ccecaae58f877a2e21c55670503e8282cac95cd13b37deb1a87072146367e3","gasUsed":"31148","msg":"horizen-push-ok"}
{"level":30,"time":1786748694397,"pid":15892,"hostname":"DESKTOP-IQT62DO","assetId":1,"reason":"stale","priceUsd1e8":"6283200000000","ageSeconds":2694,"moveBps":13,"txHash":"0x62110d107443b7272d7c67d6041dab0d7941fc1e15189f96fecdf80657c83965","gasUsed":"31184","msg":"horizen-push-ok"}
{"level":30,"time":1786748694398,"pid":15892,"hostname":"DESKTOP-IQT62DO","pushed":[0,1],"skipped":[],"failed":[],"msg":"horizen-keeper-sweep"}
{"level":30,"time":1786749598961,"pid":15892,"hostname":"DESKTOP-IQT62DO","assetId":0,"ageSeconds":893,"moveBps":0,"msg":"horizen-push-skipped"}
{"level":30,"time":1786749599362,"pid":15892,"hostname":"DESKTOP-IQT62DO","assetId":1,"ageSeconds":887,"moveBps":3,"msg":"horizen-push-skipped"}
{"level":30,"time":1786749599363,"pid":15892,"hostname":"DESKTOP-IQT62DO","pushed":[],"skipped":[0,1],"failed":[],"msg":"horizen-keeper-sweep"}
{"level":30,"time":1786750501679,"pid":15892,"hostname":"DESKTOP-IQT62DO","assetId":0,"ageSeconds":1798,"moveBps":0,"msg":"horizen-push-skipped"}
{"level":30,"time":1786750502053,"pid":15892,"hostname":"DESKTOP-IQT62DO","assetId":1,"ageSeconds":1792,"moveBps":10,"msg":"horizen-push-skipped"}
{"level":30,"time":1786750502054,"pid":15892,"hostname":"DESKTOP-IQT62DO","pushed":[],"skipped":[0,1],"failed":[],"msg":"horizen-keeper-sweep"}
{"level":30,"time":1786751408567,"pid":15892,"hostname":"DESKTOP-IQT62DO","assetId":0,"reason":"stale","priceUsd1e8":"100000000","ageSeconds":2702,"moveBps":0,"txHash":"0x6c8d2da02d43740a0e76aec3a2d31b3cf3a7bd0f5a9b6580a3bb2f964c82c49d","gasUsed":"31148","msg":"horizen-push-ok"}
{"level":30,"time":1786751411083,"pid":15892,"hostname":"DESKTOP-IQT62DO","assetId":1,"reason":"stale","priceUsd1e8":"6296500000000","ageSeconds":2696,"moveBps":21,"txHash":"0x4fb8fe6c24edb52ce77584361b3ef0fa791810a9fbbf092e4831be2ab30bfff6","gasUsed":"31184","msg":"horizen-push-ok"}
{"level":30,"time":1786751411083,"pid":15892,"hostname":"DESKTOP-IQT62DO","pushed":[0,1],"skipped":[],"failed":[],"msg":"horizen-keeper-sweep"}
{"level":30,"time":1786752313589,"pid":15892,"hostname":"DESKTOP-IQT62DO","assetId":0,"ageSeconds":890,"moveBps":0,"msg":"horizen-push-skipped"}
{"level":30,"time":1786752313968,"pid":15892,"hostname":"DESKTOP-IQT62DO","assetId":1,"ageSeconds":887,"moveBps":3,"msg":"horizen-push-skipped"}
{"level":30,"time":1786752313969,"pid":15892,"hostname":"DESKTOP-IQT62DO","pushed":[],"skipped":[0,1],"failed":[],"msg":"horizen-keeper-sweep"}
{"level":30,"time":1786753217585,"pid":15892,"hostname":"DESKTOP-IQT62DO","assetId":0,"ageSeconds":1792,"moveBps":0,"msg":"horizen-push-skipped"}
{"level":30,"time":1786753217919,"pid":15892,"hostname":"DESKTOP-IQT62DO","assetId":1,"ageSeconds":1789,"moveBps":0,"msg":"horizen-push-skipped"}
{"level":30,"time":1786753217920,"pid":15892,"hostname":"DESKTOP-IQT62DO","pushed":[],"skipped":[0,1],"failed":[],"msg":"horizen-keeper-sweep"}
{"level":30,"time":1786754124123,"pid":15892,"hostname":"DESKTOP-IQT62DO","assetId":0,"reason":"stale","priceUsd1e8":"100000000","ageSeconds":2696,"moveBps":0,"txHash":"0x627c03ecb75feb82caa8f56e6b1961cbf3820736c6f3f534c90702da4a7414e1","gasUsed":"31148","msg":"horizen-push-ok"}
{"level":30,"time":1786754127154,"pid":15892,"hostname":"DESKTOP-IQT62DO","assetId":1,"reason":"stale","priceUsd1e8":"6296300000000","ageSeconds":2693,"moveBps":0,"txHash":"0x5c33f3640e669291108e877bd890d91d3a6e3e9af73eda041e6e521ff748ecfe","gasUsed":"31184","msg":"horizen-push-ok"}
{"level":30,"time":1786754127155,"pid":15892,"hostname":"DESKTOP-IQT62DO","pushed":[0,1],"skipped":[],"failed":[],"msg":"horizen-keeper-sweep"}
{"level":30,"time":1786755029486,"pid":15892,"hostname":"DESKTOP-IQT62DO","assetId":0,"ageSeconds":889,"moveBps":0,"msg":"horizen-push-skipped"}
{"level":30,"time":1786755029869,"pid":15892,"hostname":"DESKTOP-IQT62DO","assetId":1,"ageSeconds":886,"moveBps":0,"msg":"horizen-push-skipped"}
{"level":30,"time":1786755029870,"pid":15892,"hostname":"DESKTOP-IQT62DO","pushed":[],"skipped":[0,1],"failed":[],"msg":"horizen-keeper-sweep"}
{"level":30,"time":1786755933154,"pid":15892,"hostname":"DESKTOP-IQT62DO","assetId":0,"ageSeconds":1793,"moveBps":0,"msg":"horizen-push-skipped"}
{"level":30,"time":1786755933541,"pid":15892,"hostname":"DESKTOP-IQT62DO","assetId":1,"ageSeconds":1790,"moveBps":2,"msg":"horizen-push-skipped"}
{"level":30,"time":1786755933541,"pid":15892,"hostname":"DESKTOP-IQT62DO","pushed":[],"skipped":[0,1],"failed":[],"msg":"horizen-keeper-sweep"}
{"level":30,"time":1786756839325,"pid":15892,"hostname":"DESKTOP-IQT62DO","assetId":0,"reason":"stale","priceUsd1e8":"100000000","ageSeconds":2696,"moveBps":0,"txHash":"0x30adfbd356ac06010c37cdbde8f08827684b99ad9f5ff1390e43a5ef661763e1","gasUsed":"31148","msg":"horizen-push-ok"}
{"level":30,"time":1786756842503,"pid":15892,"hostname":"DESKTOP-IQT62DO","assetId":1,"reason":"stale","priceUsd1e8":"6294600000000","ageSeconds":2693,"moveBps":2,"txHash":"0x19dd5f51173acdd7410ebb2a50d9730cea3cde7de4c8388ae67db303330c5755","gasUsed":"31184","msg":"horizen-push-ok"}
{"level":30,"time":1786756842504,"pid":15892,"hostname":"DESKTOP-IQT62DO","pushed":[0,1],"skipped":[],"failed":[],"msg":"horizen-keeper-sweep"}
{"level":40,"time":1786757743356,"pid":15892,"hostname":"DESKTOP-IQT62DO","err":"fetch failed","url":"https://api.coingecko.com/api/v3/simple/price?ids=bitcoin&vs_currencies=usd","msg":"horizen-spot-fetch-failed"}
{"level":50,"time":1786757744638,"pid":15892,"hostname":"DESKTOP-IQT62DO","err":{"type":"Object","message":"HTTP request failed.\n\nURL: https://horizen-testnet.rpc.caldera.xyz/http\nRequest body: {\"method\":\"eth_call\",\"params\":[{\"data\":\"0x533c2dac0000000000000000000000000000000000000000000000000000000000000000\",\"to\":\"0x852da28C9Bc35870eB01e2D49296b8c1E3204024\"},\"latest\"]}\n \nRaw Call Arguments:\n  to:    0x852da28C9Bc35870eB01e2D49296b8c1E3204024\n  data:  0x533c2dac0000000000000000000000000000000000000000000000000000000000000000\n \nContract Call:\n  address:   0x852da28C9Bc35870eB01e2D49296b8c1E3204024\n  function:  priceData(uint8 assetId)\n  args:               (0)\n\nDocs: https://viem.sh/docs/contract/readContract\nDetails: fetch failed\nVersion: viem@2.52.0","stack":"","name":"ContractFunctionExecutionError"},"msg":"horizen-keeper-sweep-failed"}
{"level":40,"time":1786758644833,"pid":15892,"hostname":"DESKTOP-IQT62DO","err":"fetch failed","url":"https://api.coingecko.com/api/v3/simple/price?ids=bitcoin&vs_currencies=usd","msg":"horizen-spot-fetch-failed"}
{"level":50,"time":1786758646033,"pid":15892,"hostname":"DESKTOP-IQT62DO","err":{"type":"Object","message":"HTTP request failed.\n\nURL: https://horizen-testnet.rpc.caldera.xyz/http\nRequest body: {\"method\":\"eth_call\",\"params\":[{\"data\":\"0x533c2dac0000000000000000000000000000000000000000000000000000000000000000\",\"to\":\"0x852da28C9Bc35870eB01e2D49296b8c1E3204024\"},\"latest\"]}\n \nRaw Call Arguments:\n  to:    0x852da28C9Bc35870eB01e2D49296b8c1E3204024\n  data:  0x533c2dac0000000000000000000000000000000000000000000000000000000000000000\n \nContract Call:\n  address:   0x852da28C9Bc35870eB01e2D49296b8c1E3204024\n  function:  priceData(uint8 assetId)\n  args:               (0)\n\nDocs: https://viem.sh/docs/contract/readContract\nDetails: fetch failed\nVersion: viem@2.52.0","stack":"","name":"ContractFunctionExecutionError"},"msg":"horizen-keeper-sweep-failed"}
{"level":30,"time":1786759551537,"pid":15892,"hostname":"DESKTOP-IQT62DO","assetId":0,"reason":"stale","priceUsd1e8":"100000000","ageSeconds":2693,"moveBps":0,"txHash":"0xf966189a4b89151ce811cba8f2fbb911887e962a80398b92c8b5b0e880cea31d","gasUsed":"31148","msg":"horizen-push-ok"}
{"level":30,"time":1786759554412,"pid":15892,"hostname":"DESKTOP-IQT62DO","assetId":1,"reason":"stale","priceUsd1e8":"6298600000000","ageSeconds":2690,"moveBps":6,"txHash":"0x190eba282a2ac940660840603e2c9b3d05d12624de4d9d70de7e89c1748d9df3","gasUsed":"31184","msg":"horizen-push-ok"}
{"level":30,"time":1786759554412,"pid":15892,"hostname":"DESKTOP-IQT62DO","pushed":[0,1],"skipped":[],"failed":[],"msg":"horizen-keeper-sweep"}
{"level":30,"time":1786760456587,"pid":15892,"hostname":"DESKTOP-IQT62DO","assetId":0,"ageSeconds":890,"moveBps":0,"msg":"horizen-push-skipped"}
{"level":30,"time":1786760456979,"pid":15892,"hostname":"DESKTOP-IQT62DO","assetId":1,"ageSeconds":887,"moveBps":5,"msg":"horizen-push-skipped"}
{"level":30,"time":1786760456987,"pid":15892,"hostname":"DESKTOP-IQT62DO","pushed":[],"skipped":[0,1],"failed":[],"msg":"horizen-keeper-sweep"}
{"level":40,"time":1786761367165,"pid":15892,"hostname":"DESKTOP-IQT62DO","err":"This operation was aborted","url":"https://api.coingecko.com/api/v3/simple/price?ids=bitcoin&vs_currencies=usd","msg":"horizen-spot-fetch-failed"}
{"level":50,"time":1786761408648,"pid":15892,"hostname":"DESKTOP-IQT62DO","err":{"type":"Object","message":"The request took too long to respond.\n\nURL: https://horizen-testnet.rpc.caldera.xyz/http\nRequest body: {\"method\":\"eth_call\",\"params\":[{\"data\":\"0x533c2dac0000000000000000000000000000000000000000000000000000000000000000\",\"to\":\"0x852da28C9Bc35870eB01e2D49296b8c1E3204024\"},\"latest\"]}\n \nRaw Call Arguments:\n  to:    0x852da28C9Bc35870eB01e2D49296b8c1E3204024\n  data:  0x533c2dac0000000000000000000000000000000000000000000000000000000000000000\n \nContract Call:\n  address:   0x852da28C9Bc35870eB01e2D49296b8c1E3204024\n  function:  priceData(uint8 assetId)\n  args:               (0)\n\nDocs: https://viem.sh/docs/contract/readContract\nDetails: The request timed out.\nVersion: viem@2.52.0","stack":"","name":"ContractFunctionExecutionError"},"msg":"horizen-keeper-sweep-failed"}
